// Jest Snapshot v1, https://goo.gl/fbAQLP

exports[`render Nav 1`] = `<div />`;
